To honour the JVM settings for this build a single-use Daemon process will be forked. For more on this, please refer to https://docs.gradle.org/8.14.3/userguide/gradle_daemon.html#sec:disabling_the_daemon in the Gradle documentation.
Daemon will be stopped at the end of the build 
> Task :expo-gradle-plugin:expo-autolinking-settings-plugin:checkKotlinGradlePluginConfigurationErrors SKIPPED
> Task :gradle-plugin:settings-plugin:checkKotlinGradlePluginConfigurationErrors SKIPPED
> Task :expo-gradle-plugin:expo-autolinking-plugin-shared:checkKotlinGradlePluginConfigurationErrors SKIPPED
> Task :gradle-plugin:shared:checkKotlinGradlePluginConfigurationErrors SKIPPED
> Task :expo-gradle-plugin:expo-autolinking-settings-plugin:pluginDescriptors UP-TO-DATE
> Task :gradle-plugin:settings-plugin:pluginDescriptors UP-TO-DATE
> Task :gradle-plugin:settings-plugin:processResources UP-TO-DATE
> Task :expo-gradle-plugin:expo-autolinking-settings-plugin:processResources UP-TO-DATE
> Task :expo-gradle-plugin:expo-autolinking-plugin-shared:compileKotlin UP-TO-DATE
> Task :gradle-plugin:shared:compileKotlin UP-TO-DATE
> Task :expo-gradle-plugin:expo-autolinking-plugin-shared:compileJava NO-SOURCE
> Task :gradle-plugin:shared:compileJava NO-SOURCE
> Task :gradle-plugin:shared:processResources NO-SOURCE
> Task :expo-gradle-plugin:expo-autolinking-plugin-shared:processResources NO-SOURCE
> Task :expo-gradle-plugin:expo-autolinking-plugin-shared:classes UP-TO-DATE
> Task :gradle-plugin:shared:classes UP-TO-DATE
> Task :gradle-plugin:shared:jar UP-TO-DATE
> Task :expo-gradle-plugin:expo-autolinking-plugin-shared:jar UP-TO-DATE
> Task :gradle-plugin:settings-plugin:compileKotlin UP-TO-DATE
> Task :gradle-plugin:settings-plugin:compileJava NO-SOURCE
> Task :gradle-plugin:settings-plugin:classes UP-TO-DATE
> Task :gradle-plugin:settings-plugin:jar UP-TO-DATE
> Task :expo-gradle-plugin:expo-autolinking-settings-plugin:compileKotlin UP-TO-DATE
> Task :expo-gradle-plugin:expo-autolinking-settings-plugin:compileJava NO-SOURCE
> Task :expo-gradle-plugin:expo-autolinking-settings-plugin:classes UP-TO-DATE
> Task :expo-gradle-plugin:expo-autolinking-settings-plugin:jar UP-TO-DATE
> Task :gradle-plugin:react-native-gradle-plugin:checkKotlinGradlePluginConfigurationErrors SKIPPED
> Task :expo-gradle-plugin:expo-autolinking-plugin:checkKotlinGradlePluginConfigurationErrors SKIPPED
> Task :expo-dev-launcher-gradle-plugin:checkKotlinGradlePluginConfigurationErrors SKIPPED
> Task :expo-dev-launcher-gradle-plugin:pluginDescriptors UP-TO-DATE
> Task :expo-module-gradle-plugin:checkKotlinGradlePluginConfigurationErrors SKIPPED
> Task :expo-dev-launcher-gradle-plugin:processResources UP-TO-DATE
> Task :expo-module-gradle-plugin:pluginDescriptors UP-TO-DATE
> Task :expo-module-gradle-plugin:processResources UP-TO-DATE
> Task :expo-gradle-plugin:expo-autolinking-plugin:compileKotlin UP-TO-DATE
> Task :expo-gradle-plugin:expo-autolinking-plugin:compileJava NO-SOURCE
> Task :expo-gradle-plugin:expo-autolinking-plugin:pluginDescriptors UP-TO-DATE
> Task :expo-gradle-plugin:expo-autolinking-plugin:processResources UP-TO-DATE
> Task :expo-gradle-plugin:expo-autolinking-plugin:classes UP-TO-DATE
> Task :expo-gradle-plugin:expo-autolinking-plugin:jar UP-TO-DATE
> Task :gradle-plugin:react-native-gradle-plugin:compileKotlin UP-TO-DATE
> Task :gradle-plugin:react-native-gradle-plugin:compileJava NO-SOURCE
> Task :gradle-plugin:react-native-gradle-plugin:pluginDescriptors UP-TO-DATE
> Task :gradle-plugin:react-native-gradle-plugin:processResources UP-TO-DATE
> Task :gradle-plugin:react-native-gradle-plugin:classes UP-TO-DATE
> Task :gradle-plugin:react-native-gradle-plugin:jar UP-TO-DATE
> Task :expo-dev-launcher-gradle-plugin:compileKotlin UP-TO-DATE
> Task :expo-dev-launcher-gradle-plugin:compileJava NO-SOURCE
> Task :expo-dev-launcher-gradle-plugin:classes UP-TO-DATE
> Task :expo-dev-launcher-gradle-plugin:jar UP-TO-DATE
> Task :expo-module-gradle-plugin:compileKotlin UP-TO-DATE
> Task :expo-module-gradle-plugin:compileJava NO-SOURCE
> Task :expo-module-gradle-plugin:classes UP-TO-DATE
> Task :expo-module-gradle-plugin:jar UP-TO-DATE

> Configure project :
[32m[ExpoRootProject][0m Using the following versions:
  - buildTools:  [32m36.0.0[0m
  - minSdk:      [32m24[0m
  - compileSdk:  [32m36[0m
  - targetSdk:   [32m36[0m
  - ndk:         [32m27.1.12297006[0m
  - kotlin:      [32m2.1.20[0m
  - ksp:         [32m2.1.20-2.0.1[0m

> Configure project :app
 ??  [33mApplying gradle plugin[0m '[32mexpo-dev-launcher-gradle-plugin[0m'

> Configure project :expo

Using expo modules
  - [32mexpo-constants[0m (18.0.14)
  - [32mexpo-dev-client[0m (6.0.21)
  - [32mexpo-dev-launcher[0m (6.0.21)
  - [32mexpo-dev-menu[0m (7.0.19)
  - [32mexpo-dev-menu-interface[0m (2.0.0)
  - [32mexpo-json-utils[0m (0.15.0)
  - [32mexpo-manifests[0m (1.0.11)
  - [32mexpo-modules-core[0m (3.0.30)
  - [32mexpo-updates-interface[0m (2.0.0)
  - [33m[?][0m [32mexpo-application[0m (7.0.8)
  - [33m[?][0m [32mexpo-asset[0m (12.0.13)
  - [33m[?][0m [32mexpo-crypto[0m (15.0.9)
  - [33m[?][0m [32mexpo-document-picker[0m (14.0.8)
  - [33m[?][0m [32mexpo-file-system[0m (19.0.24)
  - [33m[?][0m [32mexpo-font[0m (14.0.12)
  - [33m[?][0m [32mexpo-image-loader[0m (6.0.0)
  - [33m[?][0m [32mexpo-image-manipulator[0m (14.0.8)
  - [33m[?][0m [32mexpo-image-picker[0m (17.0.11)
  - [33m[?][0m [32mexpo-keep-awake[0m (15.0.8)
  - [33m[?][0m [32mexpo-linking[0m (8.0.12)
  - [33m[?][0m [32mexpo-location[0m (19.0.8)
  - [33m[?][0m [32mexpo-secure-store[0m (15.0.8)
  - [33m[?][0m [32mexpo-sqlite[0m (16.0.10)
  - [33m[?][0m [32mexpo-web-browser[0m (15.0.11)


> Task :expo-dev-client:preBuild UP-TO-DATE
> Task :expo-dev-launcher:preBuild UP-TO-DATE
> Task :expo-json-utils:preBuild UP-TO-DATE
> Task :expo-manifests:preBuild UP-TO-DATE
> Task :expo-dev-menu:preBuild UP-TO-DATE
> Task :expo-updates-interface:preBuild UP-TO-DATE
> Task :expo-dev-menu-interface:preBuild UP-TO-DATE
> Task :maplibre_maplibre-react-native:preBuild UP-TO-DATE
> Task :expo-dev-client:preDebugBuild UP-TO-DATE
> Task :expo-modules-core:preBuild UP-TO-DATE
> Task :react-native-tcp-socket:preBuild UP-TO-DATE
> Task :expo-dev-launcher:preDebugBuild UP-TO-DATE
> Task :expo-dev-menu:preDebugBuild UP-TO-DATE
> Task :expo-dev-client:writeDebugAarMetadata
> Task :expo-dev-menu-interface:preDebugBuild UP-TO-DATE
> Task :expo-dev-menu-interface:writeDebugAarMetadata
> Task :expo-json-utils:preDebugBuild UP-TO-DATE
> Task :expo-dev-launcher:writeDebugAarMetadata
> Task :expo-manifests:preDebugBuild UP-TO-DATE
> Task :expo-dev-menu:writeDebugAarMetadata
> Task :expo-modules-core:preDebugBuild UP-TO-DATE
> Task :expo-manifests:writeDebugAarMetadata
> Task :expo-updates-interface:preDebugBuild UP-TO-DATE
> Task :expo-json-utils:writeDebugAarMetadata
> Task :maplibre_maplibre-react-native:preDebugBuild UP-TO-DATE
> Task :maplibre_maplibre-react-native:writeDebugAarMetadata
> Task :react-native-tcp-socket:preDebugBuild UP-TO-DATE
> Task :react-native-tcp-socket:writeDebugAarMetadata
> Task :expo-modules-core:writeDebugAarMetadata
> Task :expo-updates-interface:writeDebugAarMetadata
> Task :expo-dev-client:generateDebugResValues
> Task :expo-dev-launcher:generateDebugResValues
> Task :expo-dev-menu:generateDebugResValues
> Task :expo-dev-client:generateDebugResources
> Task :expo-dev-launcher:generateDebugResources
> Task :expo-dev-menu:generateDebugResources
> Task :expo-dev-client:packageDebugResources
> Task :expo-dev-menu-interface:generateDebugResValues
> Task :expo-dev-menu-interface:generateDebugResources
> Task :expo-dev-menu-interface:packageDebugResources

> Task :expo-constants:createExpoConfig
The NODE_ENV environment variable is required but was not specified. Ensure the project is bundled with Expo CLI or NODE_ENV is set. Using only .env.local and .env

> Task :expo-json-utils:generateDebugResValues
> Task :expo-dev-launcher:packageDebugResources
> Task :expo-json-utils:generateDebugResources
> Task :expo-manifests:generateDebugResValues
> Task :expo-json-utils:packageDebugResources
> Task :expo-dev-menu:packageDebugResources
> Task :expo-manifests:generateDebugResources
> Task :expo-modules-core:generateDebugResValues
> Task :expo-updates-interface:generateDebugResValues
> Task :expo-manifests:packageDebugResources
> Task :expo-modules-core:generateDebugResources
> Task :maplibre_maplibre-react-native:generateDebugResValues
> Task :expo-updates-interface:generateDebugResources
> Task :maplibre_maplibre-react-native:generateDebugResources
> Task :expo-updates-interface:packageDebugResources
> Task :expo-modules-core:packageDebugResources
> Task :react-native-tcp-socket:generateDebugResValues
> Task :expo-dev-client:extractDeepLinksDebug
> Task :react-native-tcp-socket:generateDebugResources
> Task :maplibre_maplibre-react-native:packageDebugResources
> Task :expo-dev-launcher:extractDeepLinksDebug
> Task :react-native-tcp-socket:packageDebugResources
> Task :expo-dev-menu:extractDeepLinksDebug
> Task :expo-dev-launcher:processDebugManifest
> Task :expo-dev-menu:processDebugManifest
> Task :expo-dev-menu-interface:extractDeepLinksDebug
> Task :expo-json-utils:extractDeepLinksDebug
> Task :expo-dev-client:processDebugManifest
> Task :expo-manifests:extractDeepLinksDebug
> Task :expo-dev-menu-interface:processDebugManifest
> Task :expo-json-utils:processDebugManifest
> Task :expo-modules-core:extractDeepLinksDebug
> Task :expo-updates-interface:extractDeepLinksDebug
> Task :expo-manifests:processDebugManifest
> Task :maplibre_maplibre-react-native:extractDeepLinksDebug

> Task :expo-modules-core:processDebugManifest
C:\xampp\htdocs\APP_GIS\node_modules\expo-modules-core\android\src\main\AndroidManifest.xml:8:9-11:45 Warning:
	meta-data#com.facebook.soloader.enabled@android:value was tagged at AndroidManifest.xml:8 to replace other declarations but no other declaration present

> Task :react-native-tcp-socket:extractDeepLinksDebug
> Task :maplibre_maplibre-react-native:processDebugManifest
> Task :expo-updates-interface:processDebugManifest
> Task :expo-dev-client:compileDebugLibraryResources

> Task :react-native-tcp-socket:processDebugManifest
package="com.asterinet.react.tcpsocket" found in source AndroidManifest.xml: C:\xampp\htdocs\APP_GIS\node_modules\react-native-tcp-socket\android\src\main\AndroidManifest.xml.
Setting the namespace via the package attribute in the source AndroidManifest.xml is no longer supported, and the value is ignored.
Recommendation: remove package="com.asterinet.react.tcpsocket" from the source AndroidManifest.xml: C:\xampp\htdocs\APP_GIS\node_modules\react-native-tcp-socket\android\src\main\AndroidManifest.xml.

> Task :react-native-safe-area-context:generateCodegenSchemaFromJavaScript
> Task :react-native-screens:generateCodegenSchemaFromJavaScript
> Task :expo-dev-client:parseDebugLocalResources
> Task :expo-dev-menu:compileDebugLibraryResources
> Task :expo-dev-launcher:compileDebugLibraryResources
> Task :expo-dev-launcher:parseDebugLocalResources
> Task :expo-dev-menu:parseDebugLocalResources
> Task :expo-dev-menu:generateDebugRFile
> Task :expo-dev-menu-interface:compileDebugLibraryResources
> Task :expo-dev-launcher:generateDebugRFile
> Task :expo-json-utils:compileDebugLibraryResources
> Task :expo-dev-client:generateDebugRFile
> Task :expo-manifests:compileDebugLibraryResources
> Task :expo-dev-menu-interface:parseDebugLocalResources
> Task :expo-json-utils:parseDebugLocalResources
> Task :expo-json-utils:generateDebugRFile
> Task :expo-dev-menu-interface:generateDebugRFile
> Task :expo-modules-core:compileDebugLibraryResources
> Task :expo-manifests:parseDebugLocalResources
> Task :expo-updates-interface:compileDebugLibraryResources
> Task :expo-manifests:generateDebugRFile
> Task :maplibre_maplibre-react-native:compileDebugLibraryResources
> Task :expo-modules-core:parseDebugLocalResources
> Task :expo-modules-core:generateDebugRFile
> Task :react-native-tcp-socket:compileDebugLibraryResources
> Task :maplibre_maplibre-react-native:parseDebugLocalResources
> Task :expo-updates-interface:parseDebugLocalResources
> Task :react-native-tcp-socket:parseDebugLocalResources
> Task :react-native-tcp-socket:generateDebugRFile
> Task :expo-modules-core:checkKotlinGradlePluginConfigurationErrors SKIPPED
> Task :expo-updates-interface:generateDebugRFile
> Task :expo-dev-client:checkKotlinGradlePluginConfigurationErrors SKIPPED
> Task :maplibre_maplibre-react-native:generateDebugRFile
> Task :expo-dev-launcher:checkKotlinGradlePluginConfigurationErrors SKIPPED
> Task :expo-modules-core:generateDebugBuildConfig
> Task :expo-constants:preBuild
> Task :expo-constants:preDebugBuild
> Task :expo-constants:writeDebugAarMetadata
> Task :expo-constants:generateDebugResValues
> Task :expo-constants:generateDebugResources
> Task :expo-constants:packageDebugResources
> Task :expo-constants:extractDeepLinksDebug
> Task :react-native-safe-area-context:generateCodegenArtifactsFromSchema
> Task :react-native-safe-area-context:preBuild
> Task :react-native-safe-area-context:preDebugBuild
> Task :expo-constants:processDebugManifest
> Task :react-native-safe-area-context:writeDebugAarMetadata
> Task :react-native-safe-area-context:generateDebugResValues
> Task :react-native-safe-area-context:generateDebugResources
> Task :expo-constants:compileDebugLibraryResources
> Task :expo-dev-client:dataBindingMergeDependencyArtifactsDebug
> Task :expo-constants:parseDebugLocalResources
> Task :react-native-safe-area-context:packageDebugResources
> Task :react-native-safe-area-context:extractDeepLinksDebug

> Task :react-native-safe-area-context:processDebugManifest
package="com.th3rdwave.safeareacontext" found in source AndroidManifest.xml: C:\xampp\htdocs\APP_GIS\node_modules\react-native-safe-area-context\android\src\main\AndroidManifest.xml.
Setting the namespace via the package attribute in the source AndroidManifest.xml is no longer supported, and the value is ignored.
Recommendation: remove package="com.th3rdwave.safeareacontext" from the source AndroidManifest.xml: C:\xampp\htdocs\APP_GIS\node_modules\react-native-safe-area-context\android\src\main\AndroidManifest.xml.

> Task :expo-constants:generateDebugRFile
> Task :react-native-safe-area-context:compileDebugLibraryResources
> Task :react-native-safe-area-context:parseDebugLocalResources
> Task :expo-dev-launcher:dataBindingMergeDependencyArtifactsDebug
> Task :expo-constants:checkKotlinGradlePluginConfigurationErrors SKIPPED
> Task :expo-constants:generateDebugBuildConfig
> Task :react-native-safe-area-context:generateDebugRFile
> Task :expo-constants:javaPreCompileDebug
> Task :expo-dev-menu:checkKotlinGradlePluginConfigurationErrors SKIPPED
> Task :expo-dev-menu:generateDebugBuildConfig
> Task :expo-dev-menu-interface:checkKotlinGradlePluginConfigurationErrors SKIPPED
> Task :expo-dev-menu-interface:generateDebugBuildConfig
> Task :expo-dev-client:dataBindingGenBaseClassesDebug
> Task :expo-dev-client:generateDebugBuildConfig
> Task :expo-dev-menu-interface:javaPreCompileDebug
> Task :expo-dev-client:javaPreCompileDebug
> Task :expo-json-utils:checkKotlinGradlePluginConfigurationErrors SKIPPED
> Task :expo-manifests:checkKotlinGradlePluginConfigurationErrors SKIPPED
> Task :expo-json-utils:generateDebugBuildConfig
> Task :expo-manifests:generateDebugBuildConfig
> Task :expo-dev-menu:javaPreCompileDebug
> Task :expo-updates-interface:checkKotlinGradlePluginConfigurationErrors SKIPPED
> Task :expo-json-utils:javaPreCompileDebug
> Task :maplibre_maplibre-react-native:checkKotlinGradlePluginConfigurationErrors SKIPPED
> Task :expo-manifests:javaPreCompileDebug
> Task :react-native-safe-area-context:checkKotlinGradlePluginConfigurationErrors SKIPPED
> Task :expo-updates-interface:generateDebugBuildConfig
> Task :maplibre_maplibre-react-native:generateDebugBuildConfig
> Task :react-native-safe-area-context:generateDebugBuildConfig
> Task :expo-dev-launcher:dataBindingGenBaseClassesDebug
> Task :expo-updates-interface:javaPreCompileDebug
> Task :expo-dev-launcher:generateDebugBuildConfig
> Task :maplibre_maplibre-react-native:compileDebugKotlin NO-SOURCE
> Task :react-native-tcp-socket:generateDebugBuildConfig
> Task :react-native-screens:generateCodegenArtifactsFromSchema
> Task :react-native-screens:preBuild
> Task :react-native-screens:preDebugBuild
> Task :react-native-tcp-socket:javaPreCompileDebug
> Task :react-native-screens:writeDebugAarMetadata
> Task :react-native-screens:generateDebugResValues
> Task :maplibre_maplibre-react-native:javaPreCompileDebug
> Task :react-native-screens:generateDebugResources
> Task :expo-dev-launcher:checkApolloVersions
> Task :app:generateAutolinkingNewArchitectureFiles
> Task :app:generateAutolinkingPackageList
> Task :app:generateCodegenSchemaFromJavaScript SKIPPED
> Task :app:generateCodegenArtifactsFromSchema SKIPPED
> Task :app:generateReactNativeEntryPoint
> Task :app:checkKotlinGradlePluginConfigurationErrors SKIPPED
> Task :expo-constants:mergeDebugShaders
> Task :expo-constants:compileDebugShaders NO-SOURCE
> Task :expo-constants:generateDebugAssets UP-TO-DATE
> Task :expo-constants:mergeDebugAssets
> Task :expo-dev-launcher:generateServiceApolloOptions
> Task :react-native-screens:packageDebugResources
> Task :expo-dev-client:mergeDebugShaders
> Task :react-native-screens:extractDeepLinksDebug
> Task :expo-dev-client:compileDebugShaders NO-SOURCE
> Task :expo-dev-client:generateDebugAssets UP-TO-DATE
> Task :expo-dev-client:mergeDebugAssets
> Task :expo-dev-menu:mergeDebugShaders
> Task :expo-dev-menu:compileDebugShaders NO-SOURCE
> Task :expo-dev-menu:generateDebugAssets UP-TO-DATE
> Task :react-native-screens:processDebugManifest
> Task :expo-dev-launcher:javaPreCompileDebug
> Task :expo-dev-launcher:mergeDebugShaders
> Task :react-native-screens:parseDebugLocalResources
> Task :react-native-screens:generateDebugRFile
> Task :react-native-screens:checkKotlinGradlePluginConfigurationErrors SKIPPED
> Task :react-native-screens:generateDebugBuildConfig
> Task :react-native-screens:compileDebugLibraryResources
> Task :expo-dev-launcher:compileDebugShaders NO-SOURCE
> Task :expo-dev-launcher:generateDebugAssets UP-TO-DATE
> Task :expo-dev-launcher:mergeDebugAssets
> Task :expo-dev-menu:mergeDebugAssets
> Task :expo-dev-menu-interface:mergeDebugShaders
> Task :expo-dev-menu-interface:compileDebugShaders NO-SOURCE
> Task :expo-dev-menu-interface:generateDebugAssets UP-TO-DATE
> Task :expo-dev-menu-interface:mergeDebugAssets
> Task :expo-json-utils:mergeDebugShaders
> Task :expo-json-utils:compileDebugShaders NO-SOURCE
> Task :expo-json-utils:generateDebugAssets UP-TO-DATE
> Task :expo-json-utils:mergeDebugAssets
> Task :expo-manifests:mergeDebugShaders
> Task :expo-manifests:compileDebugShaders NO-SOURCE
> Task :expo-manifests:generateDebugAssets UP-TO-DATE
> Task :expo-manifests:mergeDebugAssets
> Task :expo-updates-interface:mergeDebugShaders
> Task :expo-updates-interface:compileDebugShaders NO-SOURCE
> Task :expo-updates-interface:generateDebugAssets UP-TO-DATE
> Task :expo-updates-interface:mergeDebugAssets
> Task :expo-constants:mergeDebugJniLibFolders
> Task :expo-constants:mergeDebugNativeLibs NO-SOURCE
> Task :expo-constants:copyDebugJniLibsProjectOnly
> Task :expo-dev-client:mergeDebugJniLibFolders
> Task :expo-dev-client:mergeDebugNativeLibs NO-SOURCE
> Task :expo-dev-client:copyDebugJniLibsProjectOnly
> Task :expo-dev-launcher:mergeDebugJniLibFolders
> Task :expo-dev-launcher:mergeDebugNativeLibs NO-SOURCE
> Task :expo-dev-launcher:copyDebugJniLibsProjectOnly
> Task :expo-dev-menu:mergeDebugJniLibFolders
> Task :expo-dev-menu:mergeDebugNativeLibs NO-SOURCE
> Task :expo-dev-menu:copyDebugJniLibsProjectOnly
> Task :expo-dev-menu-interface:mergeDebugJniLibFolders
> Task :expo-dev-menu-interface:mergeDebugNativeLibs NO-SOURCE
> Task :expo-dev-menu-interface:copyDebugJniLibsProjectOnly
> Task :expo-json-utils:mergeDebugJniLibFolders
> Task :expo-json-utils:mergeDebugNativeLibs NO-SOURCE
> Task :expo-json-utils:copyDebugJniLibsProjectOnly
> Task :expo-manifests:mergeDebugJniLibFolders
> Task :expo-manifests:mergeDebugNativeLibs NO-SOURCE
> Task :expo:generatePackagesList
> Task :expo-manifests:copyDebugJniLibsProjectOnly
> Task :expo-updates-interface:mergeDebugJniLibFolders
> Task :expo-updates-interface:mergeDebugNativeLibs NO-SOURCE
> Task :expo-updates-interface:copyDebugJniLibsProjectOnly
> Task :expo-constants:stripDebugDebugSymbols NO-SOURCE
> Task :expo-constants:copyDebugJniLibsProjectAndLocalJars
> Task :expo-constants:extractDeepLinksForAarDebug
> Task :expo-constants:prepareDebugArtProfile
> Task :expo-constants:prepareLintJarForPublish
> Task :expo-dev-client:stripDebugDebugSymbols NO-SOURCE
> Task :expo-dev-client:copyDebugJniLibsProjectAndLocalJars
> Task :expo-dev-client:extractDeepLinksForAarDebug
> Task :expo-dev-client:prepareDebugArtProfile
> Task :expo-dev-client:prepareLintJarForPublish
> Task :expo-dev-launcher:stripDebugDebugSymbols NO-SOURCE
> Task :expo-dev-launcher:copyDebugJniLibsProjectAndLocalJars
> Task :expo-dev-launcher:extractDeepLinksForAarDebug
> Task :expo-dev-launcher:prepareDebugArtProfile
> Task :expo-dev-launcher:prepareLintJarForPublish
> Task :expo-dev-menu:stripDebugDebugSymbols NO-SOURCE
> Task :expo-dev-menu:copyDebugJniLibsProjectAndLocalJars
> Task :expo-dev-menu:extractDeepLinksForAarDebug
> Task :expo-dev-menu:prepareDebugArtProfile
> Task :expo-dev-menu:prepareLintJarForPublish
> Task :expo-modules-core:javaPreCompileDebug
> Task :react-native-safe-area-context:javaPreCompileDebug
> Task :expo-modules-core:mergeDebugShaders
> Task :expo-modules-core:compileDebugShaders NO-SOURCE
> Task :expo-modules-core:generateDebugAssets UP-TO-DATE
> Task :expo-modules-core:mergeDebugAssets
> Task :react-native-safe-area-context:mergeDebugShaders
> Task :react-native-safe-area-context:compileDebugShaders NO-SOURCE
> Task :react-native-safe-area-context:generateDebugAssets UP-TO-DATE
> Task :react-native-safe-area-context:mergeDebugAssets

> Task :expo-dev-launcher:generateServiceApolloSources
w: C:\xampp\htdocs\APP_GIS\node_modules\expo-dev-launcher\android\src\main\graphql\GetBranches.graphql: (21, 11): Apollo: Use of deprecated field `runtimeVersion`
w: C:\xampp\htdocs\APP_GIS\node_modules\expo-dev-launcher\android\src\main\graphql\GetBranches.graphql: (34, 3): Apollo: Variable `platform` is unused
w: C:\xampp\htdocs\APP_GIS\node_modules\expo-dev-launcher\android\src\main\graphql\GetUpdates.graphql: (14, 11): Apollo: Use of deprecated field `runtimeVersion`

> Task :expo-modules-core:configureCMakeDebug[arm64-v8a]
[CXX5304] This version only understands SDK XML versions up to 3 but an SDK XML file of version 4 was encountered. This can happen if you use versions of Android Studio and the command-line tools that were released at different times.
[CXX5304] This version only understands SDK XML versions up to 3 but an SDK XML file of version 4 was encountered. This can happen if you use versions of Android Studio and the command-line tools that were released at different times.

> Task :react-native-safe-area-context:mergeDebugJniLibFolders
> Task :react-native-safe-area-context:mergeDebugNativeLibs NO-SOURCE
> Task :react-native-safe-area-context:copyDebugJniLibsProjectOnly
> Task :expo-dev-menu-interface:stripDebugDebugSymbols NO-SOURCE
> Task :expo-dev-menu-interface:copyDebugJniLibsProjectAndLocalJars
> Task :expo-dev-menu-interface:extractDeepLinksForAarDebug
> Task :expo-dev-menu-interface:prepareDebugArtProfile
> Task :expo-dev-menu-interface:prepareLintJarForPublish
> Task :expo-json-utils:stripDebugDebugSymbols NO-SOURCE
> Task :expo-json-utils:copyDebugJniLibsProjectAndLocalJars
> Task :expo-json-utils:extractDeepLinksForAarDebug
> Task :expo-json-utils:prepareDebugArtProfile
> Task :expo-json-utils:prepareLintJarForPublish
> Task :expo-manifests:stripDebugDebugSymbols NO-SOURCE
> Task :expo-manifests:copyDebugJniLibsProjectAndLocalJars
> Task :expo-manifests:extractDeepLinksForAarDebug
> Task :expo-manifests:prepareDebugArtProfile
> Task :expo-manifests:prepareLintJarForPublish
> Task :expo-updates-interface:stripDebugDebugSymbols NO-SOURCE
> Task :expo-updates-interface:copyDebugJniLibsProjectAndLocalJars
> Task :expo-updates-interface:extractDeepLinksForAarDebug
> Task :expo-updates-interface:prepareDebugArtProfile
> Task :expo-updates-interface:prepareLintJarForPublish
> Task :react-native-safe-area-context:stripDebugDebugSymbols NO-SOURCE
> Task :react-native-safe-area-context:copyDebugJniLibsProjectAndLocalJars
> Task :react-native-safe-area-context:extractDeepLinksForAarDebug
> Task :react-native-safe-area-context:prepareDebugArtProfile
> Task :react-native-safe-area-context:prepareLintJarForPublish
> Task :expo-modules-core:compileDebugKotlin
> Task :expo:preBuild
> Task :app:preBuild
> Task :app:preDebugBuild
> Task :expo:preDebugBuild
> Task :app:mergeDebugNativeDebugMetadata NO-SOURCE
> Task :expo:writeDebugAarMetadata
> Task :expo:generateDebugResValues
> Task :app:generateDebugBuildConfig
> Task :expo:generateDebugResources
> Task :expo:packageDebugResources
> Task :expo:extractDeepLinksDebug

> Task :react-native-tcp-socket:compileDebugJavaWithJavac
Note: Some input files use or override a deprecated API.
Note: Recompile with -Xlint:deprecation for details.

> Task :expo-modules-core:buildCMakeDebug[arm64-v8a]
> Task :expo:processDebugManifest
> Task :expo:parseDebugLocalResources
> Task :expo:compileDebugLibraryResources
> Task :expo:generateDebugRFile
> Task :expo:checkKotlinGradlePluginConfigurationErrors SKIPPED
> Task :expo:generateDebugBuildConfig
> Task :expo-modules-core:configureCMakeDebug[armeabi-v7a]
> Task :expo:javaPreCompileDebug
> Task :expo:mergeDebugShaders
> Task :expo:compileDebugShaders NO-SOURCE
> Task :expo:generateDebugAssets UP-TO-DATE
> Task :expo:mergeDebugAssets
> Task :react-native-tcp-socket:mergeDebugShaders
> Task :react-native-tcp-socket:compileDebugShaders NO-SOURCE
> Task :react-native-tcp-socket:generateDebugAssets UP-TO-DATE
> Task :react-native-tcp-socket:mergeDebugAssets
> Task :app:generateDebugResValues
> Task :react-native-tcp-socket:bundleLibCompileToJarDebug
> Task :app:checkDebugAarMetadata
> Task :react-native-tcp-socket:processDebugJavaRes NO-SOURCE
> Task :expo:mergeDebugJniLibFolders
> Task :expo:mergeDebugNativeLibs NO-SOURCE
> Task :expo:copyDebugJniLibsProjectOnly
> Task :react-native-tcp-socket:mergeDebugJniLibFolders
> Task :react-native-tcp-socket:mergeDebugNativeLibs NO-SOURCE
> Task :react-native-tcp-socket:bundleLibRuntimeToJarDebug
> Task :expo:stripDebugDebugSymbols NO-SOURCE
> Task :expo:copyDebugJniLibsProjectAndLocalJars
> Task :expo:extractDeepLinksForAarDebug
> Task :react-native-tcp-socket:copyDebugJniLibsProjectOnly
> Task :expo:prepareDebugArtProfile
> Task :expo:prepareLintJarForPublish
> Task :app:mapDebugSourceSetPaths
> Task :react-native-tcp-socket:stripDebugDebugSymbols NO-SOURCE
> Task :react-native-tcp-socket:copyDebugJniLibsProjectAndLocalJars
> Task :app:generateDebugResources
> Task :react-native-tcp-socket:extractDebugAnnotations
> Task :react-native-screens:javaPreCompileDebug
> Task :react-native-screens:mergeDebugShaders
> Task :react-native-screens:compileDebugShaders NO-SOURCE
> Task :react-native-screens:generateDebugAssets UP-TO-DATE
> Task :react-native-screens:mergeDebugAssets
> Task :react-native-safe-area-context:compileDebugKotlin
> Task :maplibre_maplibre-react-native:compileDebugJavaWithJavac
> Task :react-native-screens:configureCMakeDebug[arm64-v8a]
> Task :react-native-screens:compileDebugKotlin

> Task :maplibre_maplibre-react-native:compileDebugJavaWithJavac
Note: Some input files use or override a deprecated API.
Note: Recompile with -Xlint:deprecation for details.
Note: Some input files use unchecked or unsafe operations.
Note: Recompile with -Xlint:unchecked for details.

> Task :maplibre_maplibre-react-native:bundleLibCompileToJarDebug
> Task :maplibre_maplibre-react-native:mergeDebugShaders
> Task :maplibre_maplibre-react-native:compileDebugShaders NO-SOURCE
> Task :maplibre_maplibre-react-native:generateDebugAssets UP-TO-DATE
> Task :maplibre_maplibre-react-native:mergeDebugAssets
> Task :maplibre_maplibre-react-native:bundleLibRuntimeToJarDebug
> Task :expo-modules-core:buildCMakeDebug[armeabi-v7a]
> Task :maplibre_maplibre-react-native:processDebugJavaRes NO-SOURCE
> Task :expo-modules-core:configureCMakeDebug[x86]
> Task :react-native-screens:buildCMakeDebug[arm64-v8a]
> Task :maplibre_maplibre-react-native:mergeDebugJniLibFolders
> Task :maplibre_maplibre-react-native:mergeDebugNativeLibs NO-SOURCE
> Task :maplibre_maplibre-react-native:copyDebugJniLibsProjectOnly
> Task :react-native-screens:configureCMakeDebug[armeabi-v7a]
> Task :expo-modules-core:buildCMakeDebug[x86]
> Task :expo-modules-core:configureCMakeDebug[x86_64]
> Task :app:mergeDebugResources
> Task :react-native-screens:buildCMakeDebug[armeabi-v7a]
> Task :app:packageDebugResources
> Task :app:createDebugCompatibleScreenManifests
> Task :app:extractDeepLinksDebug
> Task :expo-modules-core:buildCMakeDebug[x86_64]
> Task :app:parseDebugLocalResources
> Task :react-native-screens:configureCMakeDebug[x86]
> Task :maplibre_maplibre-react-native:stripDebugDebugSymbols NO-SOURCE
> Task :maplibre_maplibre-react-native:copyDebugJniLibsProjectAndLocalJars
> Task :expo-modules-core:mergeDebugJniLibFolders
> Task :app:processDebugMainManifest
> Task :expo-modules-core:extractDeepLinksForAarDebug
> Task :react-native-screens:buildCMakeDebug[x86]
> Task :maplibre_maplibre-react-native:extractDebugAnnotations
> Task :react-native-screens:configureCMakeDebug[x86_64]
> Task :expo-modules-core:mergeDebugNativeLibs
> Task :expo-modules-core:prepareDebugArtProfile
> Task :maplibre_maplibre-react-native:extractDeepLinksForAarDebug
> Task :maplibre_maplibre-react-native:mergeDebugGeneratedProguardFiles
> Task :expo-modules-core:stripDebugDebugSymbols
> Task :expo-modules-core:copyDebugJniLibsProjectAndLocalJars
> Task :expo-modules-core:prepareLintJarForPublish
> Task :maplibre_maplibre-react-native:mergeDebugConsumerProguardFiles
> Task :maplibre_maplibre-react-native:prepareDebugArtProfile
> Task :maplibre_maplibre-react-native:prepareLintJarForPublish
> Task :maplibre_maplibre-react-native:mergeDebugJavaResource
> Task :react-native-tcp-socket:extractDeepLinksForAarDebug
> Task :react-native-tcp-socket:mergeDebugGeneratedProguardFiles
> Task :react-native-tcp-socket:mergeDebugConsumerProguardFiles
> Task :react-native-tcp-socket:prepareDebugArtProfile
> Task :react-native-tcp-socket:prepareLintJarForPublish
> Task :react-native-tcp-socket:mergeDebugJavaResource
> Task :expo-modules-core:copyDebugJniLibsProjectOnly

> Task :app:processDebugMainManifest
C:\xampp\htdocs\APP_GIS\apps\mobile\android\app\src\debug\AndroidManifest.xml:6:5-162 Warning:
	application@android:usesCleartextTraffic was tagged at AndroidManifest.xml:6 to replace other declarations but no other declaration present
C:\xampp\htdocs\APP_GIS\apps\mobile\android\app\src\debug\AndroidManifest.xml Warning:
	activity#expo.modules.imagepicker.ExpoCropImageActivity@android:exported was tagged at AndroidManifest.xml:0 to replace other declarations but no other declaration present
C:\xampp\htdocs\APP_GIS\apps\mobile\android\app\src\debug\AndroidManifest.xml Warning:
	provider#expo.modules.filesystem.FileSystemFileProvider@android:authorities was tagged at AndroidManifest.xml:0 to replace other declarations but no other declaration present

> Task :react-native-screens:buildCMakeDebug[x86_64]
> Task :react-native-tcp-socket:syncDebugLibJars
> Task :react-native-tcp-socket:bundleDebugAar
> Task :react-native-tcp-socket:assembleDebug
> Task :react-native-screens:mergeDebugJniLibFolders
> Task :app:processDebugManifest
> Task :react-native-screens:extractDeepLinksForAarDebug
> Task :react-native-screens:prepareDebugArtProfile
> Task :app:javaPreCompileDebug
> Task :app:processDebugManifestForPackage
> Task :react-native-screens:prepareLintJarForPublish
> Task :react-native-screens:mergeDebugNativeLibs
> Task :react-native-screens:copyDebugJniLibsProjectOnly
> Task :react-native-screens:stripDebugDebugSymbols
> Task :react-native-screens:copyDebugJniLibsProjectAndLocalJars
> Task :app:mergeDebugShaders
> Task :app:compileDebugShaders NO-SOURCE
> Task :app:generateDebugAssets UP-TO-DATE
> Task :app:mergeDebugAssets
> Task :app:desugarDebugFileDependencies
> Task :app:compressDebugAssets

> Task :react-native-safe-area-context:compileDebugKotlin
w: file:///C:/xampp/htdocs/APP_GIS/node_modules/react-native-safe-area-context/android/src/main/java/com/th3rdwave/safeareacontext/SafeAreaView.kt:59:23 'val uiImplementation: UIImplementation!' is deprecated. Deprecated in Java.

> Task :app:checkDebugDuplicateClasses
> Task :maplibre_maplibre-react-native:syncDebugLibJars
> Task :maplibre_maplibre-react-native:bundleDebugAar
> Task :maplibre_maplibre-react-native:assembleDebug
> Task :app:processDebugResources
> Task :react-native-safe-area-context:compileDebugJavaWithJavac
> Task :react-native-safe-area-context:bundleLibCompileToJarDebug
> Task :react-native-safe-area-context:bundleLibRuntimeToJarDebug
> Task :react-native-safe-area-context:processDebugJavaRes
> Task :react-native-safe-area-context:extractDebugAnnotations
> Task :react-native-safe-area-context:mergeDebugGeneratedProguardFiles
> Task :react-native-safe-area-context:mergeDebugConsumerProguardFiles
> Task :react-native-safe-area-context:mergeDebugJavaResource
> Task :react-native-safe-area-context:syncDebugLibJars
> Task :react-native-safe-area-context:bundleDebugAar
> Task :react-native-safe-area-context:assembleDebug
> Task :app:configureCMakeDebug[arm64-v8a]

> Task :react-native-screens:compileDebugKotlin
w: file:///C:/xampp/htdocs/APP_GIS/node_modules/react-native-screens/android/src/main/java/com/swmansion/rnscreens/RNScreensPackage.kt:56:9 The corresponding parameter in the supertype 'BaseReactPackage' is named 'name'. This may cause problems when calling this function with named arguments.
w: file:///C:/xampp/htdocs/APP_GIS/node_modules/react-native-screens/android/src/main/java/com/swmansion/rnscreens/RNScreensPackage.kt:57:9 The corresponding parameter in the supertype 'BaseReactPackage' is named 'reactContext'. This may cause problems when calling this function with named arguments.
w: file:///C:/xampp/htdocs/APP_GIS/node_modules/react-native-screens/android/src/main/java/com/swmansion/rnscreens/RNScreensPackage.kt:70:17 'constructor(name: String, className: String, canOverrideExistingModule: Boolean, needsEagerInit: Boolean, hasConstants: Boolean, isCxxModule: Boolean, isTurboModule: Boolean): ReactModuleInfo' is deprecated. This constructor is deprecated and will be removed in the future. Use ReactModuleInfo(String, String, boolean, boolean, boolean, boolean)].
w: file:///C:/xampp/htdocs/APP_GIS/node_modules/react-native-screens/android/src/main/java/com/swmansion/rnscreens/Screen.kt:48:77 Unchecked cast of '(CoordinatorLayout.Behavior<View!>?..CoordinatorLayout.Behavior<*>?)' to 'BottomSheetBehavior<Screen>'.
w: file:///C:/xampp/htdocs/APP_GIS/node_modules/react-native-screens/android/src/main/java/com/swmansion/rnscreens/Screen.kt:383:36 'fun setTranslucent(screen: Screen, activity: Activity?, context: ReactContext?): Unit' is deprecated. For apps targeting SDK 35 or above this prop has no effect because edge-to-edge is enabled by default and the status bar is always translucent.
w: file:///C:/xampp/htdocs/APP_GIS/node_modules/react-native-screens/android/src/main/java/com/swmansion/rnscreens/Screen.kt:402:36 'fun setColor(screen: Screen, activity: Activity?, context: ReactContext?): Unit' is deprecated. For apps targeting SDK 35 or above this prop has no effect because edge-to-edge is enabled by default and the status bar is always translucent.
w: file:///C:/xampp/htdocs/APP_GIS/node_modules/react-native-screens/android/src/main/java/com/swmansion/rnscreens/Screen.kt:420:36 'fun setNavigationBarColor(screen: Screen, activity: Activity?): Unit' is deprecated. For all apps targeting Android SDK 35 or above edge-to-edge is enabled by default.
w: file:///C:/xampp/htdocs/APP_GIS/node_modules/react-native-screens/android/src/main/java/com/swmansion/rnscreens/Screen.kt:437:36 'fun setNavigationBarTranslucent(screen: Screen, activity: Activity?): Unit' is deprecated. For all apps targeting Android SDK 35 or above edge-to-edge is enabled by default.
w: file:///C:/xampp/htdocs/APP_GIS/node_modules/react-native-screens/android/src/main/java/com/swmansion/rnscreens/ScreenStackFragment.kt:217:31 'var targetElevation: Float' is deprecated. Deprecated in Java.
w: file:///C:/xampp/htdocs/APP_GIS/node_modules/react-native-screens/android/src/main/java/com/swmansion/rnscreens/ScreenStackFragment.kt:220:13 'fun setHasOptionsMenu(p0: Boolean): Unit' is deprecated. Deprecated in Java.
w: file:///C:/xampp/htdocs/APP_GIS/node_modules/react-native-screens/android/src/main/java/com/swmansion/rnscreens/ScreenStackFragment.kt:397:18 This declaration overrides a deprecated member but is not marked as deprecated itself. Add the '@Deprecated' annotation or suppress the diagnostic.
w: file:///C:/xampp/htdocs/APP_GIS/node_modules/react-native-screens/android/src/main/java/com/swmansion/rnscreens/ScreenStackFragment.kt:404:22 'fun onPrepareOptionsMenu(p0: Menu): Unit' is deprecated. Deprecated in Java.
w: file:///C:/xampp/htdocs/APP_GIS/node_modules/react-native-screens/android/src/main/java/com/swmansion/rnscreens/ScreenStackFragment.kt:407:18 This declaration overrides a deprecated member but is not marked as deprecated itself. Add the '@Deprecated' annotation or suppress the diagnostic.
w: file:///C:/xampp/htdocs/APP_GIS/node_modules/react-native-screens/android/src/main/java/com/swmansion/rnscreens/ScreenStackFragment.kt:412:22 'fun onCreateOptionsMenu(p0: Menu, p1: MenuInflater): Unit' is deprecated. Deprecated in Java.
w: file:///C:/xampp/htdocs/APP_GIS/node_modules/react-native-screens/android/src/main/java/com/swmansion/rnscreens/ScreenStackHeaderConfig.kt:435:18 'val reactNativeHost: ReactNativeHost' is deprecated. You should not use ReactNativeHost directly in the New Architecture. Use ReactHost instead.
w: file:///C:/xampp/htdocs/APP_GIS/node_modules/react-native-screens/android/src/main/java/com/swmansion/rnscreens/ScreenViewManager.kt:203:14 'var statusBarColor: Int?' is deprecated. For apps targeting SDK 35 or above this prop has no effect because edge-to-edge is enabled by default and the status bar is always translucent.
w: file:///C:/xampp/htdocs/APP_GIS/node_modules/react-native-screens/android/src/main/java/com/swmansion/rnscreens/ScreenViewManager.kt:220:14 'var isStatusBarTranslucent: Boolean?' is deprecated. For apps targeting SDK 35 or above this prop has no effect because edge-to-edge is enabled by default and the status bar is always translucent.
w: file:///C:/xampp/htdocs/APP_GIS/node_modules/react-native-screens/android/src/main/java/com/swmansion/rnscreens/ScreenViewManager.kt:237:14 'var navigationBarColor: Int?' is deprecated. For all apps targeting Android SDK 35 or above edge-to-edge is enabled by default.
w: file:///C:/xampp/htdocs/APP_GIS/node_modules/react-native-screens/android/src/main/java/com/swmansion/rnscreens/ScreenViewManager.kt:246:14 'var isNavigationBarTranslucent: Boolean?' is deprecated. For all apps targeting Android SDK 35 or above edge-to-edge is enabled by default.
w: file:///C:/xampp/htdocs/APP_GIS/node_modules/react-native-screens/android/src/main/java/com/swmansion/rnscreens/ScreenWindowTraits.kt:55:42 'fun replaceSystemWindowInsets(p0: Int, p1: Int, p2: Int, p3: Int): WindowInsetsCompat' is deprecated. Deprecated in Java.
w: file:///C:/xampp/htdocs/APP_GIS/node_modules/react-native-screens/android/src/main/java/com/swmansion/rnscreens/ScreenWindowTraits.kt:56:39 'val systemWindowInsetLeft: Int' is deprecated. Deprecated in Java.
w: file:///C:/xampp/htdocs/APP_GIS/node_modules/react-native-screens/android/src/main/java/com/swmansion/rnscreens/ScreenWindowTraits.kt:58:39 'val systemWindowInsetRight: Int' is deprecated. Deprecated in Java.
w: file:///C:/xampp/htdocs/APP_GIS/node_modules/react-native-screens/android/src/main/java/com/swmansion/rnscreens/ScreenWindowTraits.kt:59:39 'val systemWindowInsetBottom: Int' is deprecated. Deprecated in Java.
w: file:///C:/xampp/htdocs/APP_GIS/node_modules/react-native-screens/android/src/main/java/com/swmansion/rnscreens/ScreenWindowTraits.kt:102:53 'var statusBarColor: Int' is deprecated. Deprecated in Java.
w: file:///C:/xampp/htdocs/APP_GIS/node_modules/react-native-screens/android/src/main/java/com/swmansion/rnscreens/ScreenWindowTraits.kt:106:37 'var statusBarColor: Int?' is deprecated. For apps targeting SDK 35 or above this prop has no effect because edge-to-edge is enabled by default and the status bar is always translucent.
w: file:///C:/xampp/htdocs/APP_GIS/node_modules/react-native-screens/android/src/main/java/com/swmansion/rnscreens/ScreenWindowTraits.kt:113:48 'var statusBarColor: Int' is deprecated. Deprecated in Java.
w: file:///C:/xampp/htdocs/APP_GIS/node_modules/react-native-screens/android/src/main/java/com/swmansion/rnscreens/ScreenWindowTraits.kt:116:32 'var statusBarColor: Int' is deprecated. Deprecated in Java.
w: file:///C:/xampp/htdocs/APP_GIS/node_modules/react-native-screens/android/src/main/java/com/swmansion/rnscreens/ScreenWindowTraits.kt:162:49 'var isStatusBarTranslucent: Boolean?' is deprecated. For apps targeting SDK 35 or above this prop has no effect because edge-to-edge is enabled by default and the status bar is always translucent.
w: file:///C:/xampp/htdocs/APP_GIS/node_modules/react-native-screens/android/src/main/java/com/swmansion/rnscreens/ScreenWindowTraits.kt:218:43 'var navigationBarColor: Int?' is deprecated. For all apps targeting Android SDK 35 or above edge-to-edge is enabled by default.
w: file:///C:/xampp/htdocs/APP_GIS/node_modules/react-native-screens/android/src/main/java/com/swmansion/rnscreens/ScreenWindowTraits.kt:218:72 'var navigationBarColor: Int' is deprecated. Deprecated in Java.
w: file:///C:/xampp/htdocs/APP_GIS/node_modules/react-native-screens/android/src/main/java/com/swmansion/rnscreens/ScreenWindowTraits.kt:224:16 'var navigationBarColor: Int' is deprecated. Deprecated in Java.
w: file:///C:/xampp/htdocs/APP_GIS/node_modules/react-native-screens/android/src/main/java/com/swmansion/rnscreens/ScreenWindowTraits.kt:241:55 'var isNavigationBarTranslucent: Boolean?' is deprecated. For all apps targeting Android SDK 35 or above edge-to-edge is enabled by default.
w: file:///C:/xampp/htdocs/APP_GIS/node_modules/react-native-screens/android/src/main/java/com/swmansion/rnscreens/ScreenWindowTraits.kt:283:13 'fun setColor(screen: Screen, activity: Activity?, context: ReactContext?): Unit' is deprecated. For apps targeting SDK 35 or above this prop has no effect because edge-to-edge is enabled by default and the status bar is always translucent.
w: file:///C:/xampp/htdocs/APP_GIS/node_modules/react-native-screens/android/src/main/java/com/swmansion/rnscreens/ScreenWindowTraits.kt:285:13 'fun setTranslucent(screen: Screen, activity: Activity?, context: ReactContext?): Unit' is deprecated. For apps targeting SDK 35 or above this prop has no effect because edge-to-edge is enabled by default and the status bar is always translucent.
w: file:///C:/xampp/htdocs/APP_GIS/node_modules/react-native-screens/android/src/main/java/com/swmansion/rnscreens/ScreenWindowTraits.kt:289:13 'fun setNavigationBarColor(screen: Screen, activity: Activity?): Unit' is deprecated. For all apps targeting Android SDK 35 or above edge-to-edge is enabled by default.
w: file:///C:/xampp/htdocs/APP_GIS/node_modules/react-native-screens/android/src/main/java/com/swmansion/rnscreens/ScreenWindowTraits.kt:290:13 'fun setNavigationBarTranslucent(screen: Screen, activity: Activity?): Unit' is deprecated. For all apps targeting Android SDK 35 or above edge-to-edge is enabled by default.
w: file:///C:/xampp/htdocs/APP_GIS/node_modules/react-native-screens/android/src/main/java/com/swmansion/rnscreens/ScreenWindowTraits.kt:354:42 'var statusBarColor: Int?' is deprecated. For apps targeting SDK 35 or above this prop has no effect because edge-to-edge is enabled by default and the status bar is always translucent.
w: file:///C:/xampp/htdocs/APP_GIS/node_modules/react-native-screens/android/src/main/java/com/swmansion/rnscreens/ScreenWindowTraits.kt:356:48 'var isStatusBarTranslucent: Boolean?' is deprecated. For apps targeting SDK 35 or above this prop has no effect because edge-to-edge is enabled by default and the status bar is always translucent.
w: file:///C:/xampp/htdocs/APP_GIS/node_modules/react-native-screens/android/src/main/java/com/swmansion/rnscreens/ScreenWindowTraits.kt:359:57 'var navigationBarColor: Int?' is deprecated. For all apps targeting Android SDK 35 or above edge-to-edge is enabled by default.
w: file:///C:/xampp/htdocs/APP_GIS/node_modules/react-native-screens/android/src/main/java/com/swmansion/rnscreens/ScreenWindowTraits.kt:360:63 'var isNavigationBarTranslucent: Boolean?' is deprecated. For all apps targeting Android SDK 35 or above edge-to-edge is enabled by default.
w: file:///C:/xampp/htdocs/APP_GIS/node_modules/react-native-screens/android/src/main/java/com/swmansion/rnscreens/bottomsheet/BottomSheetDialogRootView.kt:7:8 'object ReactFeatureFlags : Any' is deprecated. Use com.facebook.react.internal.featureflags.ReactNativeFeatureFlags instead.
w: file:///C:/xampp/htdocs/APP_GIS/node_modules/react-native-screens/android/src/main/java/com/swmansion/rnscreens/bottomsheet/BottomSheetDialogRootView.kt:25:13 'object ReactFeatureFlags : Any' is deprecated. Use com.facebook.react.internal.featureflags.ReactNativeFeatureFlags instead.
w: file:///C:/xampp/htdocs/APP_GIS/node_modules/react-native-screens/android/src/main/java/com/swmansion/rnscreens/bottomsheet/BottomSheetDialogRootView.kt:32:9 The corresponding parameter in the supertype 'ReactViewGroup' is named 'left'. This may cause problems when calling this function with named arguments.
w: file:///C:/xampp/htdocs/APP_GIS/node_modules/react-native-screens/android/src/main/java/com/swmansion/rnscreens/bottomsheet/BottomSheetDialogRootView.kt:33:9 The corresponding parameter in the supertype 'ReactViewGroup' is named 'top'. This may cause problems when calling this function with named arguments.
w: file:///C:/xampp/htdocs/APP_GIS/node_modules/react-native-screens/android/src/main/java/com/swmansion/rnscreens/bottomsheet/BottomSheetDialogRootView.kt:34:9 The corresponding parameter in the supertype 'ReactViewGroup' is named 'right'. This may cause problems when calling this function with named arguments.
w: file:///C:/xampp/htdocs/APP_GIS/node_modules/react-native-screens/android/src/main/java/com/swmansion/rnscreens/bottomsheet/BottomSheetDialogRootView.kt:35:9 The corresponding parameter in the supertype 'ReactViewGroup' is named 'bottom'. This may cause problems when calling this function with named arguments.
w: file:///C:/xampp/htdocs/APP_GIS/node_modules/react-native-screens/android/src/main/java/com/swmansion/rnscreens/bottomsheet/BottomSheetDialogRootView.kt:71:9 The corresponding parameter in the supertype 'RootView' is named 'childView'. This may cause problems when calling this function with named arguments.
w: file:///C:/xampp/htdocs/APP_GIS/node_modules/react-native-screens/android/src/main/java/com/swmansion/rnscreens/bottomsheet/BottomSheetDialogRootView.kt:72:9 The corresponding parameter in the supertype 'RootView' is named 'ev'. This may cause problems when calling this function with named arguments.
w: file:///C:/xampp/htdocs/APP_GIS/node_modules/react-native-screens/android/src/main/java/com/swmansion/rnscreens/bottomsheet/BottomSheetDialogRootView.kt:79:46 The corresponding parameter in the supertype 'RootView' is named 'ev'. This may cause problems when calling this function with named arguments.
w: file:///C:/xampp/htdocs/APP_GIS/node_modules/react-native-screens/android/src/main/java/com/swmansion/rnscreens/bottomsheet/BottomSheetDialogRootView.kt:83:9 The corresponding parameter in the supertype 'RootView' is named 'childView'. This may cause problems when calling this function with named arguments.
w: file:///C:/xampp/htdocs/APP_GIS/node_modules/react-native-screens/android/src/main/java/com/swmansion/rnscreens/bottomsheet/BottomSheetDialogRootView.kt:84:9 The corresponding parameter in the supertype 'RootView' is named 'ev'. This may cause problems when calling this function with named arguments.
w: file:///C:/xampp/htdocs/APP_GIS/node_modules/react-native-screens/android/src/main/java/com/swmansion/rnscreens/bottomsheet/BottomSheetDialogRootView.kt:95:34 The corresponding parameter in the supertype 'RootView' is named 't'. This may cause problems when calling this function with named arguments.
w: file:///C:/xampp/htdocs/APP_GIS/node_modules/react-native-screens/android/src/main/java/com/swmansion/rnscreens/bottomsheet/DimmingView.kt:63:9 The corresponding parameter in the supertype 'ReactCompoundView' is named 'touchX'. This may cause problems when calling this function with named arguments.
w: file:///C:/xampp/htdocs/APP_GIS/node_modules/react-native-screens/android/src/main/java/com/swmansion/rnscreens/bottomsheet/DimmingView.kt:64:9 The corresponding parameter in the supertype 'ReactCompoundView' is named 'touchY'. This may cause problems when calling this function with named arguments.
w: file:///C:/xampp/htdocs/APP_GIS/node_modules/react-native-screens/android/src/main/java/com/swmansion/rnscreens/bottomsheet/DimmingView.kt:68:9 The corresponding parameter in the supertype 'ReactCompoundViewGroup' is named 'touchX'. This may cause problems when calling this function with named arguments.
w: file:///C:/xampp/htdocs/APP_GIS/node_modules/react-native-screens/android/src/main/java/com/swmansion/rnscreens/bottomsheet/DimmingView.kt:69:9 The corresponding parameter in the supertype 'ReactCompoundViewGroup' is named 'touchY'. This may cause problems when calling this function with named arguments.
w: file:///C:/xampp/htdocs/APP_GIS/node_modules/react-native-screens/android/src/main/java/com/swmansion/rnscreens/gamma/tabs/TabsHostViewManager.kt:37:9 The corresponding parameter in the supertype 'TabsHostViewManager' is named 'view'. This may cause problems when calling this function with named arguments.

> Task :react-native-screens:compileDebugJavaWithJavac
> Task :react-native-screens:bundleLibCompileToJarDebug
> Task :react-native-screens:bundleLibRuntimeToJarDebug
> Task :react-native-screens:processDebugJavaRes
> Task :react-native-screens:extractDebugAnnotations
> Task :react-native-screens:mergeDebugGeneratedProguardFiles
> Task :react-native-screens:mergeDebugConsumerProguardFiles
> Task :react-native-screens:mergeDebugJavaResource
> Task :react-native-screens:syncDebugLibJars
> Task :react-native-screens:bundleDebugAar
> Task :react-native-screens:assembleDebug
> Task :app:mergeExtDexDebug
> Task :app:buildCMakeDebug[arm64-v8a]
> Task :app:configureCMakeDebug[armeabi-v7a]
> Task :app:buildCMakeDebug[armeabi-v7a]

> Task :expo-modules-core:compileDebugKotlin
w: file:///C:/xampp/htdocs/APP_GIS/node_modules/expo-modules-core/android/src/main/java/expo/modules/adapters/react/apploader/RNHeadlessAppLoader.kt:48:87 'val reactNativeHost: ReactNativeHost' is deprecated. You should not use ReactNativeHost directly in the New Architecture. Use ReactHost instead.
w: file:///C:/xampp/htdocs/APP_GIS/node_modules/expo-modules-core/android/src/main/java/expo/modules/adapters/react/apploader/RNHeadlessAppLoader.kt:91:85 'val reactNativeHost: ReactNativeHost' is deprecated. You should not use ReactNativeHost directly in the New Architecture. Use ReactHost instead.
w: file:///C:/xampp/htdocs/APP_GIS/node_modules/expo-modules-core/android/src/main/java/expo/modules/adapters/react/apploader/RNHeadlessAppLoader.kt:120:83 'val reactNativeHost: ReactNativeHost' is deprecated. You should not use ReactNativeHost directly in the New Architecture. Use ReactHost instead.
w: file:///C:/xampp/htdocs/APP_GIS/node_modules/expo-modules-core/android/src/main/java/expo/modules/apploader/AppLoaderProvider.kt:34:52 Unchecked cast of 'Class<*>!' to 'Class<out HeadlessAppLoader>'.
w: file:///C:/xampp/htdocs/APP_GIS/node_modules/expo-modules-core/android/src/main/java/expo/modules/kotlin/AppContext.kt:30:8 'typealias ErrorManagerModule = JSLoggerModule' is deprecated. Use JSLoggerModule instead.
w: file:///C:/xampp/htdocs/APP_GIS/node_modules/expo-modules-core/android/src/main/java/expo/modules/kotlin/AppContext.kt:253:21 'typealias ErrorManagerModule = JSLoggerModule' is deprecated. Use JSLoggerModule instead.
w: file:///C:/xampp/htdocs/APP_GIS/node_modules/expo-modules-core/android/src/main/java/expo/modules/kotlin/AppContext.kt:343:21 'val DEFAULT: Int' is deprecated. UIManagerType.DEFAULT will be deleted in the next release of React Native. Use [LEGACY] instead.
w: file:///C:/xampp/htdocs/APP_GIS/node_modules/expo-modules-core/android/src/main/java/expo/modules/kotlin/defaultmodules/NativeModulesProxyModule.kt:16:5 'fun Constants(legacyConstantsProvider: () -> Map<String, Any?>): Unit' is deprecated. Use `Constant` or `Property` instead.
w: file:///C:/xampp/htdocs/APP_GIS/node_modules/expo-modules-core/android/src/main/java/expo/modules/kotlin/jni/PromiseImpl.kt:65:51 'val errorManager: JSLoggerModule?' is deprecated. Use AppContext.jsLogger instead.
w: file:///C:/xampp/htdocs/APP_GIS/node_modules/expo-modules-core/android/src/main/java/expo/modules/kotlin/jni/PromiseImpl.kt:69:22 'fun reportExceptionToLogBox(codedException: CodedException): Unit' is deprecated. Use appContext.jsLogger.error(...) instead.
w: file:///C:/xampp/htdocs/APP_GIS/node_modules/expo-modules-core/android/src/main/java/expo/modules/kotlin/views/ViewDefinitionBuilder.kt:464:16 'val errorManager: JSLoggerModule?' is deprecated. Use AppContext.jsLogger instead.
w: file:///C:/xampp/htdocs/APP_GIS/node_modules/expo-modules-core/android/src/main/java/expo/modules/kotlin/views/ViewDefinitionBuilder.kt:464:30 'fun reportExceptionToLogBox(codedException: CodedException): Unit' is deprecated. Use appContext.jsLogger.error(...) instead.
w: file:///C:/xampp/htdocs/APP_GIS/node_modules/expo-modules-core/android/src/main/java/expo/modules/kotlin/views/ViewManagerDefinition.kt:41:16 'val errorManager: JSLoggerModule?' is deprecated. Use AppContext.jsLogger instead.
w: file:///C:/xampp/htdocs/APP_GIS/node_modules/expo-modules-core/android/src/main/java/expo/modules/kotlin/views/ViewManagerDefinition.kt:41:30 'fun reportExceptionToLogBox(codedException: CodedException): Unit' is deprecated. Use appContext.jsLogger.error(...) instead.

> Task :expo-modules-core:compileDebugJavaWithJavac
Note: Some input files use or override a deprecated API.
Note: Recompile with -Xlint:deprecation for details.

> Task :expo-modules-core:processDebugJavaRes
> Task :expo-modules-core:extractDebugAnnotations
> Task :expo-modules-core:mergeDebugGeneratedProguardFiles
> Task :expo-modules-core:mergeDebugConsumerProguardFiles
> Task :expo-modules-core:mergeDebugJavaResource
> Task :expo-modules-core:bundleLibRuntimeToJarDebug
> Task :expo-modules-core:bundleLibCompileToJarDebug
> Task :expo-modules-core:syncDebugLibJars
> Task :expo-dev-client:compileDebugKotlin NO-SOURCE
> Task :expo-dev-client:compileDebugJavaWithJavac
> Task :expo-dev-client:bundleLibCompileToJarDebug
> Task :expo-dev-client:bundleLibRuntimeToJarDebug
> Task :expo-dev-client:processDebugJavaRes NO-SOURCE
> Task :expo-dev-client:extractDebugAnnotations
> Task :expo-dev-client:mergeDebugGeneratedProguardFiles
> Task :expo-dev-client:mergeDebugConsumerProguardFiles
> Task :expo-dev-client:mergeDebugJavaResource
> Task :expo-dev-client:syncDebugLibJars
> Task :expo-dev-client:bundleDebugAar
> Task :expo-modules-core:bundleDebugAar
> Task :expo-dev-client:assembleDebug
> Task :expo-modules-core:assembleDebug

> Task :expo-constants:compileDebugKotlin
w: file:///C:/xampp/htdocs/APP_GIS/node_modules/expo-constants/android/src/main/java/expo/modules/constants/ConstantsModule.kt:12:5 'fun Constants(legacyConstantsProvider: () -> Map<String, Any?>): Unit' is deprecated. Use `Constant` or `Property` instead.

> Task :expo-json-utils:compileDebugKotlin
> Task :expo-dev-menu-interface:compileDebugKotlin
> Task :expo-updates-interface:compileDebugKotlin
> Task :expo-constants:compileDebugJavaWithJavac
> Task :expo-constants:bundleLibCompileToJarDebug
> Task :expo-constants:processDebugJavaRes
> Task :expo-constants:extractDebugAnnotations
> Task :expo-constants:mergeDebugGeneratedProguardFiles
> Task :expo-constants:mergeDebugConsumerProguardFiles
> Task :expo-constants:mergeDebugJavaResource
> Task :expo-constants:syncDebugLibJars
> Task :expo-constants:bundleDebugAar
> Task :expo-constants:assembleDebug
> Task :expo-constants:bundleLibRuntimeToJarDebug
> Task :expo-json-utils:compileDebugJavaWithJavac
> Task :expo-json-utils:bundleLibCompileToJarDebug
> Task :expo-json-utils:bundleLibRuntimeToJarDebug
> Task :expo-json-utils:processDebugJavaRes
> Task :expo-json-utils:extractDebugAnnotations
> Task :expo-json-utils:mergeDebugGeneratedProguardFiles
> Task :expo-json-utils:mergeDebugConsumerProguardFiles
> Task :expo-json-utils:mergeDebugJavaResource
> Task :expo-json-utils:syncDebugLibJars
> Task :expo-json-utils:bundleDebugAar
> Task :expo-json-utils:assembleDebug

> Task :expo-dev-menu-interface:compileDebugKotlin
w: file:///C:/xampp/htdocs/APP_GIS/node_modules/expo-dev-menu-interface/android/src/main/java/expo/interfaces/devmenu/DevMenuInterfacePackage.kt:14:16 This declaration overrides a deprecated member but is not marked as deprecated itself. Add the '@Deprecated' annotation or suppress the diagnostic.
w: file:///C:/xampp/htdocs/APP_GIS/node_modules/expo-dev-menu-interface/android/src/main/java/expo/interfaces/devmenu/ReactHostWrapper.kt:5:8 'class ReactNativeHost : Any' is deprecated. Deprecated in Java.
w: file:///C:/xampp/htdocs/APP_GIS/node_modules/expo-dev-menu-interface/android/src/main/java/expo/interfaces/devmenu/ReactHostWrapper.kt:19:41 'class ReactNativeHost : Any' is deprecated. Deprecated in Java.
w: file:///C:/xampp/htdocs/APP_GIS/node_modules/expo-dev-menu-interface/android/src/main/java/expo/interfaces/devmenu/ReactHostWrapper.kt:20:33 'class ReactNativeHost : Any' is deprecated. Deprecated in Java.

> Task :expo-updates-interface:compileDebugJavaWithJavac
> Task :expo-updates-interface:bundleLibCompileToJarDebug
> Task :expo-updates-interface:bundleLibRuntimeToJarDebug
> Task :expo-updates-interface:processDebugJavaRes
> Task :expo-updates-interface:extractDebugAnnotations
> Task :expo-updates-interface:mergeDebugGeneratedProguardFiles
> Task :expo-updates-interface:mergeDebugConsumerProguardFiles
> Task :expo-updates-interface:mergeDebugJavaResource
> Task :expo-updates-interface:syncDebugLibJars
> Task :expo-updates-interface:bundleDebugAar
> Task :expo-updates-interface:assembleDebug
> Task :expo-dev-menu-interface:compileDebugJavaWithJavac
> Task :expo-dev-menu-interface:bundleLibCompileToJarDebug
> Task :expo-dev-menu-interface:bundleLibRuntimeToJarDebug
> Task :expo-dev-menu-interface:processDebugJavaRes
> Task :expo-dev-menu-interface:extractDebugAnnotations
> Task :expo-dev-menu-interface:mergeDebugGeneratedProguardFiles
> Task :expo-dev-menu-interface:mergeDebugConsumerProguardFiles
> Task :expo-dev-menu-interface:mergeDebugJavaResource
> Task :expo-dev-menu-interface:syncDebugLibJars
> Task :expo-dev-menu-interface:bundleDebugAar
> Task :expo-dev-menu-interface:assembleDebug

> Task :expo-manifests:compileDebugKotlin
w: file:///C:/xampp/htdocs/APP_GIS/node_modules/expo-manifests/android/src/main/java/expo/modules/manifests/core/EmbeddedManifest.kt:19:16 This declaration overrides a deprecated member but is not marked as deprecated itself. Add the '@Deprecated' annotation or suppress the diagnostic.
w: file:///C:/xampp/htdocs/APP_GIS/node_modules/expo-manifests/android/src/main/java/expo/modules/manifests/core/EmbeddedManifest.kt:19:86 'fun getLegacyID(): String' is deprecated. Prefer scopeKey or projectId depending on use case.
w: file:///C:/xampp/htdocs/APP_GIS/node_modules/expo-manifests/android/src/main/java/expo/modules/manifests/core/ExpoUpdatesManifest.kt:16:16 This declaration overrides a deprecated member but is not marked as deprecated itself. Add the '@Deprecated' annotation or suppress the diagnostic.
w: file:///C:/xampp/htdocs/APP_GIS/node_modules/expo-manifests/android/src/main/java/expo/modules/manifests/core/Manifest.kt:13:3 Deprecations and opt-ins on a method overridden from 'Any' may not be reported.
w: file:///C:/xampp/htdocs/APP_GIS/node_modules/expo-manifests/android/src/main/java/expo/modules/manifests/core/Manifest.kt:15:12 'fun getRawJson(): JSONObject' is deprecated. Prefer to use specific field getters.

> Task :expo-manifests:compileDebugJavaWithJavac
> Task :expo-manifests:bundleLibRuntimeToJarDebug
> Task :expo-manifests:bundleLibCompileToJarDebug
> Task :expo-manifests:processDebugJavaRes
> Task :expo-manifests:extractDebugAnnotations
> Task :expo-manifests:mergeDebugGeneratedProguardFiles
> Task :expo-manifests:mergeDebugConsumerProguardFiles
> Task :expo-manifests:mergeDebugJavaResource
> Task :expo-manifests:syncDebugLibJars
> Task :expo-manifests:bundleDebugAar
> Task :expo-manifests:assembleDebug
> Task :app:configureCMakeDebug[x86]
> Task :expo-dev-menu:compileDebugKotlin
> Task :app:buildCMakeDebug[x86]
> Task :app:configureCMakeDebug[x86_64]

> Task :expo-dev-menu:compileDebugKotlin
w: file:///C:/xampp/htdocs/APP_GIS/node_modules/expo-dev-menu/android/src/debug/java/expo/modules/devmenu/DevMenuManager.kt:406:43 The corresponding parameter in the supertype 'DevMenuManagerInterface' is named 'shouldAutoLaunch'. This may cause problems when calling this function with named arguments.
w: file:///C:/xampp/htdocs/APP_GIS/node_modules/expo-dev-menu/android/src/main/java/com/facebook/react/devsupport/DevMenuSettingsBase.kt:6:8 'class PreferenceManager : Any' is deprecated. Deprecated in Java.
w: file:///C:/xampp/htdocs/APP_GIS/node_modules/expo-dev-menu/android/src/main/java/com/facebook/react/devsupport/DevMenuSettingsBase.kt:18:51 'class PreferenceManager : Any' is deprecated. Deprecated in Java.
w: file:///C:/xampp/htdocs/APP_GIS/node_modules/expo-dev-menu/android/src/main/java/com/facebook/react/devsupport/DevMenuSettingsBase.kt:18:69 'static fun getDefaultSharedPreferences(p0: Context!): SharedPreferences!' is deprecated. Deprecated in Java.
w: file:///C:/xampp/htdocs/APP_GIS/node_modules/expo-dev-menu/android/src/main/java/com/facebook/react/devsupport/DevMenuSettingsBase.kt:51:13 This code uses error suppression for 'NOTHING_TO_OVERRIDE'. While it might compile and work, the compiler behavior is UNSPECIFIED and WILL NOT BE PRESERVED. Please report your use case to the Kotlin issue tracker instead: https://kotl.in/issue
w: file:///C:/xampp/htdocs/APP_GIS/node_modules/expo-dev-menu/android/src/main/java/com/facebook/react/devsupport/DevMenuSettingsBase.kt:58:13 This code uses error suppression for 'NOTHING_TO_OVERRIDE'. While it might compile and work, the compiler behavior is UNSPECIFIED and WILL NOT BE PRESERVED. Please report your use case to the Kotlin issue tracker instead: https://kotl.in/issue
w: file:///C:/xampp/htdocs/APP_GIS/node_modules/expo-dev-menu/android/src/main/java/expo/modules/devmenu/DevMenuPackage.kt:28:16 This declaration overrides a deprecated member but is not marked as deprecated itself. Add the '@Deprecated' annotation or suppress the diagnostic.
w: file:///C:/xampp/htdocs/APP_GIS/node_modules/expo-dev-menu/android/src/main/java/expo/modules/devmenu/DevMenuPackage.kt:47:78 'val reactNativeHost: ReactNativeHost' is deprecated. You should not use ReactNativeHost directly in the New Architecture. Use ReactHost instead.

> Task :expo-dev-menu:compileDebugJavaWithJavac
> Task :app:buildCMakeDebug[x86_64]
> Task :expo-dev-menu:processDebugJavaRes
> Task :expo-dev-menu:bundleLibCompileToJarDebug
> Task :expo-dev-menu:bundleLibRuntimeToJarDebug
> Task :expo-dev-menu:extractDebugAnnotations
> Task :expo-dev-menu:mergeDebugGeneratedProguardFiles
> Task :expo-dev-menu:mergeDebugConsumerProguardFiles
> Task :expo-dev-menu:mergeDebugJavaResource
> Task :expo-dev-menu:syncDebugLibJars
> Task :expo-dev-menu:bundleDebugAar
> Task :expo-dev-menu:assembleDebug
> Task :expo-dev-launcher:compileDebugKotlin
> Task :app:mergeDebugJniLibFolders
> Task :app:validateSigningDebug
> Task :app:writeDebugAppMetadata
> Task :app:writeDebugSigningConfigVersions
> Task :app:mergeDebugNativeLibs
> Task :app:stripDebugDebugSymbols

> Task :expo-dev-launcher:compileDebugKotlin
w: file:///C:/xampp/htdocs/APP_GIS/node_modules/expo-dev-launcher/android/src/debug/java/expo/modules/devlauncher/DevLauncherController.kt:474:81 'val reactNativeHost: ReactNativeHost' is deprecated. You should not use ReactNativeHost directly in the New Architecture. Use ReactHost instead.
w: file:///C:/xampp/htdocs/APP_GIS/node_modules/expo-dev-launcher/android/src/debug/java/expo/modules/devlauncher/compose/models/BranchViewModel.kt:80:31 'val runtimeVersion: String' is deprecated. Use 'runtime' field .
w: file:///C:/xampp/htdocs/APP_GIS/node_modules/expo-dev-launcher/android/src/debug/java/expo/modules/devlauncher/helpers/DevLauncherReactUtils.kt:7:8 'class ReactNativeHost : Any' is deprecated. Deprecated in Java.
w: file:///C:/xampp/htdocs/APP_GIS/node_modules/expo-dev-launcher/android/src/debug/java/expo/modules/devlauncher/helpers/DevLauncherReactUtils.kt:78:20 'class ReactNativeHost : Any' is deprecated. Deprecated in Java.
w: file:///C:/xampp/htdocs/APP_GIS/node_modules/expo-dev-launcher/android/src/debug/java/expo/modules/devlauncher/helpers/DevLauncherReactUtils.kt:155:20 'class ReactNativeHost : Any' is deprecated. Deprecated in Java.
w: file:///C:/xampp/htdocs/APP_GIS/node_modules/expo-dev-launcher/android/src/debug/java/expo/modules/devlauncher/helpers/DevLauncherReactUtils.kt:246:11 'fun newInstance(): CapturedType(*)!' is deprecated. Deprecated in Java.
w: file:///C:/xampp/htdocs/APP_GIS/node_modules/expo-dev-launcher/android/src/debug/java/expo/modules/devlauncher/launcher/DevLauncherActivity.kt:19:5 'fun overridePendingTransition(p0: Int, p1: Int): Unit' is deprecated. Deprecated in Java.
w: file:///C:/xampp/htdocs/APP_GIS/node_modules/expo-dev-launcher/android/src/debug/java/expo/modules/devlauncher/launcher/DevLauncherActivity.kt:36:5 'fun overridePendingTransition(p0: Int, p1: Int): Unit' is deprecated. Deprecated in Java.
w: file:///C:/xampp/htdocs/APP_GIS/node_modules/expo-dev-launcher/android/src/debug/java/expo/modules/devlauncher/modules/DevLauncherModule.kt:16:29 'fun getRawJson(): JSONObject' is deprecated. Prefer to use specific field getters.
w: file:///C:/xampp/htdocs/APP_GIS/node_modules/expo-dev-launcher/android/src/debug/java/expo/modules/devlauncher/react/DevLauncherBridgeDevSupportManager.kt:49:38 This code uses error suppression for 'NOTHING_TO_OVERRIDE'. While it might compile and work, the compiler behavior is UNSPECIFIED and WILL NOT BE PRESERVED. Please report your use case to the Kotlin issue tracker instead: https://kotl.in/issue
w: file:///C:/xampp/htdocs/APP_GIS/node_modules/expo-dev-launcher/android/src/debug/java/expo/modules/devlauncher/react/DevLauncherBridgelessDevSupportManager.kt:48:38 This code uses error suppression for 'NOTHING_TO_OVERRIDE'. While it might compile and work, the compiler behavior is UNSPECIFIED and WILL NOT BE PRESERVED. Please report your use case to the Kotlin issue tracker instead: https://kotl.in/issue
w: file:///C:/xampp/htdocs/APP_GIS/node_modules/expo-dev-launcher/android/src/debug/java/expo/modules/devlauncher/react/DevLauncherDevSupportManagerFactory.kt:19:5 The corresponding parameter in the supertype 'DevSupportManagerFactory' is named 'reactInstanceManagerHelper'. This may cause problems when calling this function with named arguments.
w: file:///C:/xampp/htdocs/APP_GIS/node_modules/expo-dev-launcher/android/src/debug/java/expo/modules/devlauncher/react/DevLauncherDevSupportManagerFactory.kt:48:5 The corresponding parameter in the supertype 'DevSupportManagerFactory' is named 'reactInstanceManagerHelper'. This may cause problems when calling this function with named arguments.
w: file:///C:/xampp/htdocs/APP_GIS/node_modules/expo-dev-launcher/android/src/debug/java/expo/modules/devlauncher/react/DevLauncherDevSupportManagerSwapper.kt:6:8 'class ReactNativeHost : Any' is deprecated. Deprecated in Java.
w: file:///C:/xampp/htdocs/APP_GIS/node_modules/expo-dev-launcher/android/src/debug/java/expo/modules/devlauncher/react/DevLauncherDevSupportManagerSwapper.kt:34:58 'class ReactNativeHost : Any' is deprecated. Deprecated in Java.
w: file:///C:/xampp/htdocs/APP_GIS/node_modules/expo-dev-launcher/android/src/main/java/expo/modules/devlauncher/DevLauncherPackage.kt:15:16 This declaration overrides a deprecated member but is not marked as deprecated itself. Add the '@Deprecated' annotation or suppress the diagnostic.
w: file:///C:/xampp/htdocs/APP_GIS/node_modules/expo-dev-launcher/android/src/main/java/expo/modules/devlauncher/launcher/DevLauncherRecentlyOpenedAppsRegistry.kt:33:47 Unchecked cast of 'MutableMap<Any?, Any?>' to 'MutableMap<String, Any>'.
w: file:///C:/xampp/htdocs/APP_GIS/node_modules/expo-dev-launcher/android/src/main/java/expo/modules/devlauncher/launcher/DevLauncherRecentlyOpenedAppsRegistry.kt:51:27 'fun getRawJson(): JSONObject' is deprecated. Prefer to use specific field getters.
w: file:///C:/xampp/htdocs/APP_GIS/node_modules/expo-dev-launcher/android/src/main/java/expo/modules/devlauncher/launcher/configurators/DevLauncherExpoActivityConfigurator.kt:37:23 'constructor(p0: String!, p1: Bitmap!, p2: Int): ActivityManager.TaskDescription' is deprecated. Deprecated in Java.
w: file:///C:/xampp/htdocs/APP_GIS/node_modules/expo-dev-launcher/android/src/main/java/expo/modules/devlauncher/launcher/configurators/DevLauncherExpoActivityConfigurator.kt:63:61 'static field FLAG_TRANSLUCENT_STATUS: Int' is deprecated. Deprecated in Java.
w: file:///C:/xampp/htdocs/APP_GIS/node_modules/expo-dev-launcher/android/src/main/java/expo/modules/devlauncher/launcher/configurators/DevLauncherExpoActivityConfigurator.kt:92:45 'var systemUiVisibility: Int' is deprecated. Deprecated in Java.
w: file:///C:/xampp/htdocs/APP_GIS/node_modules/expo-dev-launcher/android/src/main/java/expo/modules/devlauncher/launcher/configurators/DevLauncherExpoActivityConfigurator.kt:95:68 'static field SYSTEM_UI_FLAG_LIGHT_STATUS_BAR: Int' is deprecated. Deprecated in Java.
w: file:///C:/xampp/htdocs/APP_GIS/node_modules/expo-dev-launcher/android/src/main/java/expo/modules/devlauncher/launcher/configurators/DevLauncherExpoActivityConfigurator.kt:99:67 'static field SYSTEM_UI_FLAG_LIGHT_STATUS_BAR: Int' is deprecated. Deprecated in Java.
w: file:///C:/xampp/htdocs/APP_GIS/node_modules/expo-dev-launcher/android/src/main/java/expo/modules/devlauncher/launcher/configurators/DevLauncherExpoActivityConfigurator.kt:103:67 'static field SYSTEM_UI_FLAG_LIGHT_STATUS_BAR: Int' is deprecated. Deprecated in Java.
w: file:///C:/xampp/htdocs/APP_GIS/node_modules/expo-dev-launcher/android/src/main/java/expo/modules/devlauncher/launcher/configurators/DevLauncherExpoActivityConfigurator.kt:107:15 'var systemUiVisibility: Int' is deprecated. Deprecated in Java.
w: file:///C:/xampp/htdocs/APP_GIS/node_modules/expo-dev-launcher/android/src/main/java/expo/modules/devlauncher/launcher/configurators/DevLauncherExpoActivityConfigurator.kt:115:59 'static field FLAG_FULLSCREEN: Int' is deprecated. Deprecated in Java.
w: file:///C:/xampp/htdocs/APP_GIS/node_modules/expo-dev-launcher/android/src/main/java/expo/modules/devlauncher/launcher/configurators/DevLauncherExpoActivityConfigurator.kt:116:61 'static field FLAG_FORCE_NOT_FULLSCREEN: Int' is deprecated. Deprecated in Java.
w: file:///C:/xampp/htdocs/APP_GIS/node_modules/expo-dev-launcher/android/src/main/java/expo/modules/devlauncher/launcher/configurators/DevLauncherExpoActivityConfigurator.kt:118:59 'static field FLAG_FORCE_NOT_FULLSCREEN: Int' is deprecated. Deprecated in Java.
w: file:///C:/xampp/htdocs/APP_GIS/node_modules/expo-dev-launcher/android/src/main/java/expo/modules/devlauncher/launcher/configurators/DevLauncherExpoActivityConfigurator.kt:119:61 'static field FLAG_FULLSCREEN: Int' is deprecated. Deprecated in Java.
w: file:///C:/xampp/htdocs/APP_GIS/node_modules/expo-dev-launcher/android/src/main/java/expo/modules/devlauncher/launcher/configurators/DevLauncherExpoActivityConfigurator.kt:131:23 'fun replaceSystemWindowInsets(p0: Int, p1: Int, p2: Int, p3: Int): WindowInsets' is deprecated. Deprecated in Java.
w: file:///C:/xampp/htdocs/APP_GIS/node_modules/expo-dev-launcher/android/src/main/java/expo/modules/devlauncher/launcher/configurators/DevLauncherExpoActivityConfigurator.kt:132:25 'val systemWindowInsetLeft: Int' is deprecated. Deprecated in Java.
w: file:///C:/xampp/htdocs/APP_GIS/node_modules/expo-dev-launcher/android/src/main/java/expo/modules/devlauncher/launcher/configurators/DevLauncherExpoActivityConfigurator.kt:134:25 'val systemWindowInsetRight: Int' is deprecated. Deprecated in Java.
w: file:///C:/xampp/htdocs/APP_GIS/node_modules/expo-dev-launcher/android/src/main/java/expo/modules/devlauncher/launcher/configurators/DevLauncherExpoActivityConfigurator.kt:135:25 'val systemWindowInsetBottom: Int' is deprecated. Deprecated in Java.
w: file:///C:/xampp/htdocs/APP_GIS/node_modules/expo-dev-launcher/android/src/main/java/expo/modules/devlauncher/launcher/configurators/DevLauncherExpoActivityConfigurator.kt:150:15 'var statusBarColor: Int' is deprecated. Deprecated in Java.
w: file:///C:/xampp/htdocs/APP_GIS/node_modules/expo-dev-launcher/android/src/main/java/expo/modules/devlauncher/launcher/configurators/DevLauncherExpoActivityConfigurator.kt:160:63 'static field FLAG_TRANSLUCENT_NAVIGATION: Int' is deprecated. Deprecated in Java.
w: file:///C:/xampp/htdocs/APP_GIS/node_modules/expo-dev-launcher/android/src/main/java/expo/modules/devlauncher/launcher/configurators/DevLauncherExpoActivityConfigurator.kt:161:25 'var navigationBarColor: Int' is deprecated. Deprecated in Java.
w: file:///C:/xampp/htdocs/APP_GIS/node_modules/expo-dev-launcher/android/src/main/java/expo/modules/devlauncher/launcher/configurators/DevLauncherExpoActivityConfigurator.kt:171:63 'static field FLAG_TRANSLUCENT_NAVIGATION: Int' is deprecated. Deprecated in Java.
w: file:///C:/xampp/htdocs/APP_GIS/node_modules/expo-dev-launcher/android/src/main/java/expo/modules/devlauncher/launcher/configurators/DevLauncherExpoActivityConfigurator.kt:175:33 'var systemUiVisibility: Int' is deprecated. Deprecated in Java.
w: file:///C:/xampp/htdocs/APP_GIS/node_modules/expo-dev-launcher/android/src/main/java/expo/modules/devlauncher/launcher/configurators/DevLauncherExpoActivityConfigurator.kt:176:33 'static field SYSTEM_UI_FLAG_LIGHT_NAVIGATION_BAR: Int' is deprecated. Deprecated in Java.
w: file:///C:/xampp/htdocs/APP_GIS/node_modules/expo-dev-launcher/android/src/main/java/expo/modules/devlauncher/launcher/configurators/DevLauncherExpoActivityConfigurator.kt:177:21 'var systemUiVisibility: Int' is deprecated. Deprecated in Java.
w: file:///C:/xampp/htdocs/APP_GIS/node_modules/expo-dev-launcher/android/src/main/java/expo/modules/devlauncher/launcher/configurators/DevLauncherExpoActivityConfigurator.kt:190:29 'var systemUiVisibility: Int' is deprecated. Deprecated in Java.
w: file:///C:/xampp/htdocs/APP_GIS/node_modules/expo-dev-launcher/android/src/main/java/expo/modules/devlauncher/launcher/configurators/DevLauncherExpoActivityConfigurator.kt:191:62 'static field SYSTEM_UI_FLAG_HIDE_NAVIGATION: Int' is deprecated. Deprecated in Java.
w: file:///C:/xampp/htdocs/APP_GIS/node_modules/expo-dev-launcher/android/src/main/java/expo/modules/devlauncher/launcher/configurators/DevLauncherExpoActivityConfigurator.kt:191:101 'static field SYSTEM_UI_FLAG_FULLSCREEN: Int' is deprecated. Deprecated in Java.
w: file:///C:/xampp/htdocs/APP_GIS/node_modules/expo-dev-launcher/android/src/main/java/expo/modules/devlauncher/launcher/configurators/DevLauncherExpoActivityConfigurator.kt:192:63 'static field SYSTEM_UI_FLAG_HIDE_NAVIGATION: Int' is deprecated. Deprecated in Java.
w: file:///C:/xampp/htdocs/APP_GIS/node_modules/expo-dev-launcher/android/src/main/java/expo/modules/devlauncher/launcher/configurators/DevLauncherExpoActivityConfigurator.kt:192:102 'static field SYSTEM_UI_FLAG_FULLSCREEN: Int' is deprecated. Deprecated in Java.
w: file:///C:/xampp/htdocs/APP_GIS/node_modules/expo-dev-launcher/android/src/main/java/expo/modules/devlauncher/launcher/configurators/DevLauncherExpoActivityConfigurator.kt:192:136 'static field SYSTEM_UI_FLAG_IMMERSIVE: Int' is deprecated. Deprecated in Java.
w: file:///C:/xampp/htdocs/APP_GIS/node_modules/expo-dev-launcher/android/src/main/java/expo/modules/devlauncher/launcher/configurators/DevLauncherExpoActivityConfigurator.kt:193:70 'static field SYSTEM_UI_FLAG_HIDE_NAVIGATION: Int' is deprecated. Deprecated in Java.
w: file:///C:/xampp/htdocs/APP_GIS/node_modules/expo-dev-launcher/android/src/main/java/expo/modules/devlauncher/launcher/configurators/DevLauncherExpoActivityConfigurator.kt:193:109 'static field SYSTEM_UI_FLAG_FULLSCREEN: Int' is deprecated. Deprecated in Java.
w: file:///C:/xampp/htdocs/APP_GIS/node_modules/expo-dev-launcher/android/src/main/java/expo/modules/devlauncher/launcher/configurators/DevLauncherExpoActivityConfigurator.kt:193:143 'static field SYSTEM_UI_FLAG_IMMERSIVE_STICKY: Int' is deprecated. Deprecated in Java.
w: file:///C:/xampp/htdocs/APP_GIS/node_modules/expo-dev-launcher/android/src/main/java/expo/modules/devlauncher/launcher/configurators/DevLauncherExpoActivityConfigurator.kt:196:17 'var systemUiVisibility: Int' is deprecated. Deprecated in Java.

> Task :expo-dev-launcher:compileDebugJavaWithJavac
> Task :expo-dev-launcher:processDebugJavaRes
> Task :expo-dev-launcher:bundleLibRuntimeToJarDebug
> Task :expo-dev-launcher:bundleLibCompileToJarDebug
> Task :expo-dev-launcher:extractDebugAnnotations
> Task :expo-dev-launcher:mergeDebugGeneratedProguardFiles
> Task :expo-dev-launcher:mergeDebugConsumerProguardFiles
> Task :expo-dev-launcher:mergeDebugJavaResource
> Task :expo-dev-launcher:syncDebugLibJars
> Task :expo-dev-launcher:bundleDebugAar
> Task :expo-dev-launcher:assembleDebug
> Task :expo:compileDebugKotlin
w: file:///C:/xampp/htdocs/APP_GIS/node_modules/expo/android/src/main/java/expo/modules/ExpoModulesPackage.kt:34:16 This declaration overrides a deprecated member but is not marked as deprecated itself. Add the '@Deprecated' annotation or suppress the diagnostic.
w: file:///C:/xampp/htdocs/APP_GIS/node_modules/expo/android/src/main/java/expo/modules/ExpoReactHostFactory.kt:8:8 'class ReactNativeHost : Any' is deprecated. Deprecated in Java.
w: file:///C:/xampp/htdocs/APP_GIS/node_modules/expo/android/src/main/java/expo/modules/ExpoReactHostFactory.kt:80:22 'class ReactNativeHost : Any' is deprecated. Deprecated in Java.
w: file:///C:/xampp/htdocs/APP_GIS/node_modules/expo/android/src/main/java/expo/modules/ReactActivityDelegateWrapper.kt:24:8 'class ReactNativeHost : Any' is deprecated. Deprecated in Java.
w: file:///C:/xampp/htdocs/APP_GIS/node_modules/expo/android/src/main/java/expo/modules/ReactActivityDelegateWrapper.kt:58:33 'class ReactNativeHost : Any' is deprecated. Deprecated in Java.
w: file:///C:/xampp/htdocs/APP_GIS/node_modules/expo/android/src/main/java/expo/modules/ReactActivityDelegateWrapper.kt:105:16 This declaration overrides a deprecated member but is not marked as deprecated itself. Add the '@Deprecated' annotation or suppress the diagnostic.
w: file:///C:/xampp/htdocs/APP_GIS/node_modules/expo/android/src/main/java/expo/modules/ReactActivityDelegateWrapper.kt:105:38 'class ReactNativeHost : Any' is deprecated. Deprecated in Java.
w: file:///C:/xampp/htdocs/APP_GIS/node_modules/expo/android/src/main/java/expo/modules/ReactActivityDelegateWrapper.kt:113:16 This declaration overrides a deprecated member but is not marked as deprecated itself. Add the '@Deprecated' annotation or suppress the diagnostic.
w: file:///C:/xampp/htdocs/APP_GIS/node_modules/expo/android/src/main/java/expo/modules/ReactActivityDelegateWrapper.kt:114:21 'val reactInstanceManager: ReactInstanceManager' is deprecated. Deprecated in Java.
w: file:///C:/xampp/htdocs/APP_GIS/node_modules/expo/android/src/main/java/expo/modules/ReactActivityDelegateWrapper.kt:168:36 'constructor(activity: Activity, reactNativeHost: ReactNativeHost?, appKey: String?, launchOptions: Bundle?, fabricEnabled: Boolean): ReactDelegate' is deprecated. Deprecated since 0.81.0, use one of the other constructors instead.
w: file:///C:/xampp/htdocs/APP_GIS/node_modules/expo/android/src/main/java/expo/modules/ReactActivityDelegateWrapper.kt:279:77 'val reactInstanceManager: ReactInstanceManager' is deprecated. Deprecated in Java.
w: file:///C:/xampp/htdocs/APP_GIS/node_modules/expo/android/src/main/java/expo/modules/ReactActivityDelegateWrapper.kt:282:22 'val reactInstanceManager: ReactInstanceManager' is deprecated. Deprecated in Java.
w: file:///C:/xampp/htdocs/APP_GIS/node_modules/expo/android/src/main/java/expo/modules/ReactActivityDelegateWrapper.kt:286:54 'val reactInstanceManager: ReactInstanceManager' is deprecated. Deprecated in Java.
w: file:///C:/xampp/htdocs/APP_GIS/node_modules/expo/android/src/main/java/expo/modules/ReactNativeHostWrapper.kt:6:8 'class ReactNativeHost : Any' is deprecated. Deprecated in Java.
w: file:///C:/xampp/htdocs/APP_GIS/node_modules/expo/android/src/main/java/expo/modules/ReactNativeHostWrapper.kt:15:9 'class ReactNativeHost : Any' is deprecated. Deprecated in Java.
w: file:///C:/xampp/htdocs/APP_GIS/node_modules/expo/android/src/main/java/expo/modules/ReactNativeHostWrapper.kt:47:60 'class ReactNativeHost : Any' is deprecated. Deprecated in Java.
w: file:///C:/xampp/htdocs/APP_GIS/node_modules/expo/android/src/main/java/expo/modules/ReactNativeHostWrapperBase.kt:7:8 'class ReactNativeHost : Any' is deprecated. Deprecated in Java.
w: file:///C:/xampp/htdocs/APP_GIS/node_modules/expo/android/src/main/java/expo/modules/ReactNativeHostWrapperBase.kt:16:23 'class ReactNativeHost : Any' is deprecated. Deprecated in Java.
w: file:///C:/xampp/htdocs/APP_GIS/node_modules/expo/android/src/main/java/expo/modules/ReactNativeHostWrapperBase.kt:89:16 'class ReactNativeHost : Any' is deprecated. Deprecated in Java.
w: file:///C:/xampp/htdocs/APP_GIS/node_modules/expo/android/src/main/java/expo/modules/ReactNativeHostWrapperBase.kt:101:38 'class ReactNativeHost : Any' is deprecated. Deprecated in Java.
w: file:///C:/xampp/htdocs/APP_GIS/node_modules/expo/android/src/main/java/expo/modules/fetch/ExpoFetchModule.kt:30:39 'constructor(reactContext: ReactContext): ForwardingCookieHandler' is deprecated. Use the default constructor.
w: file:///C:/xampp/htdocs/APP_GIS/node_modules/expo/android/src/main/java/expo/modules/fetch/NativeResponse.kt:44:16 This declaration overrides a deprecated member but is not marked as deprecated itself. Add the '@Deprecated' annotation or suppress the diagnostic.
w: file:///C:/xampp/htdocs/APP_GIS/node_modules/expo/android/src/main/java/expo/modules/fetch/NativeResponse.kt:46:11 'fun deallocate(): Unit' is deprecated. Use sharedObjectDidRelease() instead.

> Task :expo:compileDebugJavaWithJavac
> Task :expo:bundleLibCompileToJarDebug
> Task :expo:processDebugJavaRes
> Task :expo:bundleLibRuntimeToJarDebug
> Task :expo:extractDebugAnnotations
> Task :expo:mergeDebugGeneratedProguardFiles
> Task :expo:mergeDebugConsumerProguardFiles
> Task :expo:mergeDebugJavaResource
> Task :expo:syncDebugLibJars
> Task :expo:bundleDebugAar
> Task :expo:assembleDebug
> Task :app:mergeLibDexDebug

> Task :app:compileDebugKotlin
w: file:///C:/xampp/htdocs/APP_GIS/apps/mobile/android/app/src/main/java/ao/consulcolect/app/MainApplication.kt:9:8 'class ReactNativeHost : Any' is deprecated. Deprecated in Java.
w: file:///C:/xampp/htdocs/APP_GIS/apps/mobile/android/app/src/main/java/ao/consulcolect/app/MainApplication.kt:21:16 This declaration overrides a deprecated member but is not marked as deprecated itself. Add the '@Deprecated' annotation or suppress the diagnostic.
w: file:///C:/xampp/htdocs/APP_GIS/apps/mobile/android/app/src/main/java/ao/consulcolect/app/MainApplication.kt:21:33 'class ReactNativeHost : Any' is deprecated. Deprecated in Java.

> Task :app:compileDebugJavaWithJavac
> Task :app:processDebugJavaRes
> Task :app:transformDebugClassesWithAsm
> Task :app:dexBuilderDebug
> Task :app:mergeDebugGlobalSynthetics
> Task :app:mergeProjectDexDebug
> Task :app:mergeDebugJavaResource
> Task :app:packageDebug
> Task :app:createDebugApkListingFileRedirect
> Task :app:assembleDebug

[Incubating] Problems report is available at: file:///C:/xampp/htdocs/APP_GIS/apps/mobile/android/build/reports/problems/problems-report.html

Deprecated Gradle features were used in this build, making it incompatible with Gradle 9.0.

You can use '--warning-mode all' to show the individual deprecation warnings and determine if they come from your own scripts or plugins.

For more on this, please refer to https://docs.gradle.org/8.14.3/userguide/command_line_interface.html#sec:command_line_warnings in the Gradle documentation.

BUILD SUCCESSFUL in 28m 25s
524 actionable tasks: 496 executed, 28 up-to-date
